Archive member included to satisfy reference by file (symbol)

/usr/lib/gcc/avr/5.4.0/avr5/libgcc.a(_exit.o)
                              /usr/lib/gcc/avr/5.4.0/../../../avr/lib/avr5/crtatmega32u4.o (exit)
/usr/lib/gcc/avr/5.4.0/avr5/libgcc.a(_tablejump2.o)
                              ../LUFA/Drivers/USB/Core/DeviceStandardReq.o (__tablejump2__)
/usr/lib/gcc/avr/5.4.0/avr5/libgcc.a(_copy_data.o)
                              emu.o (__do_copy_data)
/usr/lib/gcc/avr/5.4.0/avr5/libgcc.a(_clear_bss.o)
                              emu.o (__do_clear_bss)
/usr/lib/gcc/avr/5.4.0/../../../avr/lib/avr5/libc.a(memcpy_P.o)
                              emu.o (memcpy_P)
/usr/lib/gcc/avr/5.4.0/../../../avr/lib/avr5/libc.a(iob.o)
                              ../LUFA/Drivers/Peripheral/AVR8/Serial_AVR8.o (__iob)
/usr/lib/gcc/avr/5.4.0/../../../avr/lib/avr5/libatmega32u4.a(eerd_byte.o)
                              ../LUFA/Drivers/USB/Core/AVR8/EndpointStream_AVR8.o (eeprom_read_byte)
/usr/lib/gcc/avr/5.4.0/../../../avr/lib/avr5/libatmega32u4.a(eeupd_byte.o)
                              ../LUFA/Drivers/USB/Core/AVR8/EndpointStream_AVR8.o (eeprom_update_byte)

Allocating common symbols
Common symbol       size              file

USB_IsInitialized   0x1               ../LUFA/Drivers/USB/Core/USBTask.o
USB_DeviceState     0x1               ../LUFA/Drivers/USB/Core/USBTask.o
USB_Device_ConfigurationNumber
                    0x1               ../LUFA/Drivers/USB/Core/DeviceStandardReq.o
USB_Device_CurrentlySelfPowered
                    0x1               ../LUFA/Drivers/USB/Core/DeviceStandardReq.o
USARTSerialStream   0xe               ../LUFA/Drivers/Peripheral/AVR8/Serial_AVR8.o
USB_ControlRequest  0x8               ../LUFA/Drivers/USB/Core/USBTask.o
USB_Device_RemoteWakeupEnabled
                    0x1               ../LUFA/Drivers/USB/Core/DeviceStandardReq.o
__iob               0x6               /usr/lib/gcc/avr/5.4.0/../../../avr/lib/avr5/libc.a(iob.o)

Discarded input sections

 .data          0x00000000        0x0 /usr/lib/gcc/avr/5.4.0/../../../avr/lib/avr5/crtatmega32u4.o
 .bss           0x00000000        0x0 /usr/lib/gcc/avr/5.4.0/../../../avr/lib/avr5/crtatmega32u4.o
 .text          0x00000000        0x0 emu.o
 .text          0x00000000        0x0 Descriptors.o
 .data          0x00000000        0x0 Descriptors.o
 .bss           0x00000000        0x0 Descriptors.o
 .text          0x00000000        0x0 ../LUFA/Drivers/USB/Class/Common/HIDParser.o
 .data          0x00000000        0x0 ../LUFA/Drivers/USB/Class/Common/HIDParser.o
 .bss           0x00000000        0x0 ../LUFA/Drivers/USB/Class/Common/HIDParser.o
 .text.USB_ProcessHIDReport
                0x00000000      0x6c6 ../LUFA/Drivers/USB/Class/Common/HIDParser.o
 .text.USB_GetHIDReportItemInfo
                0x00000000       0xbc ../LUFA/Drivers/USB/Class/Common/HIDParser.o
 .text.USB_SetHIDReportItemInfo
                0x00000000       0xce ../LUFA/Drivers/USB/Class/Common/HIDParser.o
 .text.USB_GetHIDReportSize
                0x00000000       0x56 ../LUFA/Drivers/USB/Class/Common/HIDParser.o
 .debug_info    0x00000000      0x739 ../LUFA/Drivers/USB/Class/Common/HIDParser.o
 .debug_abbrev  0x00000000      0x21a ../LUFA/Drivers/USB/Class/Common/HIDParser.o
 .debug_loc     0x00000000      0xad9 ../LUFA/Drivers/USB/Class/Common/HIDParser.o
 .debug_aranges
                0x00000000       0x38 ../LUFA/Drivers/USB/Class/Common/HIDParser.o
 .debug_ranges  0x00000000       0xd0 ../LUFA/Drivers/USB/Class/Common/HIDParser.o
 .debug_line    0x00000000      0x55d ../LUFA/Drivers/USB/Class/Common/HIDParser.o
 .debug_str     0x00000000      0x6b6 ../LUFA/Drivers/USB/Class/Common/HIDParser.o
 .comment       0x00000000       0x12 ../LUFA/Drivers/USB/Class/Common/HIDParser.o
 .debug_frame   0x00000000      0x128 ../LUFA/Drivers/USB/Class/Common/HIDParser.o
 .text          0x00000000        0x0 ../LUFA/Drivers/USB/Core/AVR8/Device_AVR8.o
 .data          0x00000000        0x0 ../LUFA/Drivers/USB/Core/AVR8/Device_AVR8.o
 .bss           0x00000000        0x0 ../LUFA/Drivers/USB/Core/AVR8/Device_AVR8.o
 .text.USB_Device_SendRemoteWakeup
                0x00000000       0x2c ../LUFA/Drivers/USB/Core/AVR8/Device_AVR8.o
 .debug_info    0x00000000       0xd2 ../LUFA/Drivers/USB/Core/AVR8/Device_AVR8.o
 .debug_abbrev  0x00000000       0x80 ../LUFA/Drivers/USB/Core/AVR8/Device_AVR8.o
 .debug_aranges
                0x00000000       0x20 ../LUFA/Drivers/USB/Core/AVR8/Device_AVR8.o
 .debug_ranges  0x00000000       0x10 ../LUFA/Drivers/USB/Core/AVR8/Device_AVR8.o
 .debug_line    0x00000000       0xfe ../LUFA/Drivers/USB/Core/AVR8/Device_AVR8.o
 .debug_str     0x00000000      0x1f2 ../LUFA/Drivers/USB/Core/AVR8/Device_AVR8.o
 .comment       0x00000000       0x12 ../LUFA/Drivers/USB/Core/AVR8/Device_AVR8.o
 .debug_frame   0x00000000       0x24 ../LUFA/Drivers/USB/Core/AVR8/Device_AVR8.o
 .text          0x00000000        0x0 ../LUFA/Drivers/USB/Core/AVR8/EndpointStream_AVR8.o
 .data          0x00000000        0x0 ../LUFA/Drivers/USB/Core/AVR8/EndpointStream_AVR8.o
 .bss           0x00000000        0x0 ../LUFA/Drivers/USB/Core/AVR8/EndpointStream_AVR8.o
 .text.Endpoint_Discard_Stream
                0x00000000       0x82 ../LUFA/Drivers/USB/Core/AVR8/EndpointStream_AVR8.o
 .text.Endpoint_Null_Stream
                0x00000000       0x82 ../LUFA/Drivers/USB/Core/AVR8/EndpointStream_AVR8.o
 .text.Endpoint_Write_Stream_BE
                0x00000000       0xa4 ../LUFA/Drivers/USB/Core/AVR8/EndpointStream_AVR8.o
 .text.Endpoint_Read_Stream_BE
                0x00000000       0xa4 ../LUFA/Drivers/USB/Core/AVR8/EndpointStream_AVR8.o
 .text.Endpoint_Write_PStream_LE
                0x00000000       0x9e ../LUFA/Drivers/USB/Core/AVR8/EndpointStream_AVR8.o
 .text.Endpoint_Write_PStream_BE
                0x00000000       0xa6 ../LUFA/Drivers/USB/Core/AVR8/EndpointStream_AVR8.o
 .text.Endpoint_Write_EStream_LE
                0x00000000       0xa0 ../LUFA/Drivers/USB/Core/AVR8/EndpointStream_AVR8.o
 .text.Endpoint_Write_EStream_BE
                0x00000000       0xa8 ../LUFA/Drivers/USB/Core/AVR8/EndpointStream_AVR8.o
 .text.Endpoint_Read_EStream_LE
                0x00000000       0xa0 ../LUFA/Drivers/USB/Core/AVR8/EndpointStream_AVR8.o
 .text.Endpoint_Read_EStream_BE
                0x00000000       0xa8 ../LUFA/Drivers/USB/Core/AVR8/EndpointStream_AVR8.o
 .text.Endpoint_Write_Control_Stream_BE
                0x00000000       0xd0 ../LUFA/Drivers/USB/Core/AVR8/EndpointStream_AVR8.o
 .text.Endpoint_Read_Control_Stream_BE
                0x00000000       0x82 ../LUFA/Drivers/USB/Core/AVR8/EndpointStream_AVR8.o
 .text.Endpoint_Write_Control_PStream_BE
                0x00000000       0xce ../LUFA/Drivers/USB/Core/AVR8/EndpointStream_AVR8.o
 .text.Endpoint_Write_Control_EStream_LE
                0x00000000       0xf4 ../LUFA/Drivers/USB/Core/AVR8/EndpointStream_AVR8.o
 .text.Endpoint_Write_Control_EStream_BE
                0x00000000      0x100 ../LUFA/Drivers/USB/Core/AVR8/EndpointStream_AVR8.o
 .text.Endpoint_Read_Control_EStream_LE
                0x00000000       0x94 ../LUFA/Drivers/USB/Core/AVR8/EndpointStream_AVR8.o
 .text.Endpoint_Read_Control_EStream_BE
                0x00000000       0x92 ../LUFA/Drivers/USB/Core/AVR8/EndpointStream_AVR8.o
 .text          0x00000000        0x0 ../LUFA/Drivers/USB/Core/AVR8/Endpoint_AVR8.o
 .data          0x00000000        0x0 ../LUFA/Drivers/USB/Core/AVR8/Endpoint_AVR8.o
 .bss           0x00000000        0x0 ../LUFA/Drivers/USB/Core/AVR8/Endpoint_AVR8.o
 .text.Endpoint_ConfigureEndpointTable
                0x00000000       0x7c ../LUFA/Drivers/USB/Core/AVR8/Endpoint_AVR8.o
 .text.Endpoint_ClearEndpoints
                0x00000000       0x28 ../LUFA/Drivers/USB/Core/AVR8/Endpoint_AVR8.o
 .text          0x00000000        0x0 ../LUFA/Drivers/USB/Core/AVR8/Host_AVR8.o
 .data          0x00000000        0x0 ../LUFA/Drivers/USB/Core/AVR8/Host_AVR8.o
 .bss           0x00000000        0x0 ../LUFA/Drivers/USB/Core/AVR8/Host_AVR8.o
 .debug_info    0x00000000       0x56 ../LUFA/Drivers/USB/Core/AVR8/Host_AVR8.o
 .debug_abbrev  0x00000000       0x26 ../LUFA/Drivers/USB/Core/AVR8/Host_AVR8.o
 .debug_aranges
                0x00000000       0x18 ../LUFA/Drivers/USB/Core/AVR8/Host_AVR8.o
 .debug_line    0x00000000       0x1a ../LUFA/Drivers/USB/Core/AVR8/Host_AVR8.o
 .debug_str     0x00000000      0x191 ../LUFA/Drivers/USB/Core/AVR8/Host_AVR8.o
 .comment       0x00000000       0x12 ../LUFA/Drivers/USB/Core/AVR8/Host_AVR8.o
 .text          0x00000000        0x0 ../LUFA/Drivers/USB/Core/AVR8/PipeStream_AVR8.o
 .data          0x00000000        0x0 ../LUFA/Drivers/USB/Core/AVR8/PipeStream_AVR8.o
 .bss           0x00000000        0x0 ../LUFA/Drivers/USB/Core/AVR8/PipeStream_AVR8.o
 .debug_info    0x00000000       0x56 ../LUFA/Drivers/USB/Core/AVR8/PipeStream_AVR8.o
 .debug_abbrev  0x00000000       0x26 ../LUFA/Drivers/USB/Core/AVR8/PipeStream_AVR8.o
 .debug_aranges
                0x00000000       0x18 ../LUFA/Drivers/USB/Core/AVR8/PipeStream_AVR8.o
 .debug_line    0x00000000       0x1a ../LUFA/Drivers/USB/Core/AVR8/PipeStream_AVR8.o
 .debug_str     0x00000000      0x197 ../LUFA/Drivers/USB/Core/AVR8/PipeStream_AVR8.o
 .comment       0x00000000       0x12 ../LUFA/Drivers/USB/Core/AVR8/PipeStream_AVR8.o
 .text          0x00000000        0x0 ../LUFA/Drivers/USB/Core/AVR8/Pipe_AVR8.o
 .data          0x00000000        0x0 ../LUFA/Drivers/USB/Core/AVR8/Pipe_AVR8.o
 .bss           0x00000000        0x0 ../LUFA/Drivers/USB/Core/AVR8/Pipe_AVR8.o
 .debug_info    0x00000000       0x56 ../LUFA/Drivers/USB/Core/AVR8/Pipe_AVR8.o
 .debug_abbrev  0x00000000       0x26 ../LUFA/Drivers/USB/Core/AVR8/Pipe_AVR8.o
 .debug_aranges
                0x00000000       0x18 ../LUFA/Drivers/USB/Core/AVR8/Pipe_AVR8.o
 .debug_line    0x00000000       0x1a ../LUFA/Drivers/USB/Core/AVR8/Pipe_AVR8.o
 .debug_str     0x00000000      0x191 ../LUFA/Drivers/USB/Core/AVR8/Pipe_AVR8.o
 .comment       0x00000000       0x12 ../LUFA/Drivers/USB/Core/AVR8/Pipe_AVR8.o
 .text          0x00000000        0x0 ../LUFA/Drivers/USB/Core/AVR8/USBController_AVR8.o
 .data          0x00000000        0x0 ../LUFA/Drivers/USB/Core/AVR8/USBController_AVR8.o
 .bss           0x00000000        0x0 ../LUFA/Drivers/USB/Core/AVR8/USBController_AVR8.o
 .text.USB_Disable
                0x00000000       0x34 ../LUFA/Drivers/USB/Core/AVR8/USBController_AVR8.o
 .text          0x00000000        0x0 ../LUFA/Drivers/USB/Core/AVR8/USBInterrupt_AVR8.o
 .data          0x00000000        0x0 ../LUFA/Drivers/USB/Core/AVR8/USBInterrupt_AVR8.o
 .bss           0x00000000        0x0 ../LUFA/Drivers/USB/Core/AVR8/USBInterrupt_AVR8.o
 .text          0x00000000        0x0 ../LUFA/Drivers/USB/Core/ConfigDescriptors.o
 .data          0x00000000        0x0 ../LUFA/Drivers/USB/Core/ConfigDescriptors.o
 .bss           0x00000000        0x0 ../LUFA/Drivers/USB/Core/ConfigDescriptors.o
 .text.USB_GetNextDescriptor
                0x00000000       0x3c ../LUFA/Drivers/USB/Core/ConfigDescriptors.o
 .text.USB_GetNextDescriptorOfType
                0x00000000       0x38 ../LUFA/Drivers/USB/Core/ConfigDescriptors.o
 .text.USB_GetNextDescriptorOfTypeBefore
                0x00000000       0x46 ../LUFA/Drivers/USB/Core/ConfigDescriptors.o
 .text.USB_GetNextDescriptorOfTypeAfter
                0x00000000       0x3e ../LUFA/Drivers/USB/Core/ConfigDescriptors.o
 .text.USB_GetNextDescriptorComp
                0x00000000       0x66 ../LUFA/Drivers/USB/Core/ConfigDescriptors.o
 .debug_info    0x00000000      0x3d1 ../LUFA/Drivers/USB/Core/ConfigDescriptors.o
 .debug_abbrev  0x00000000      0x178 ../LUFA/Drivers/USB/Core/ConfigDescriptors.o
 .debug_loc     0x00000000      0x59f ../LUFA/Drivers/USB/Core/ConfigDescriptors.o
 .debug_aranges
                0x00000000       0x40 ../LUFA/Drivers/USB/Core/ConfigDescriptors.o
 .debug_ranges  0x00000000       0x30 ../LUFA/Drivers/USB/Core/ConfigDescriptors.o
 .debug_line    0x00000000      0x1c8 ../LUFA/Drivers/USB/Core/ConfigDescriptors.o
 .debug_str     0x00000000      0x3da ../LUFA/Drivers/USB/Core/ConfigDescriptors.o
 .comment       0x00000000       0x12 ../LUFA/Drivers/USB/Core/ConfigDescriptors.o
 .debug_frame   0x00000000       0xfc ../LUFA/Drivers/USB/Core/ConfigDescriptors.o
 .text          0x00000000        0x0 ../LUFA/Drivers/USB/Core/DeviceStandardReq.o
 .data          0x00000000        0x0 ../LUFA/Drivers/USB/Core/DeviceStandardReq.o
 .bss           0x00000000        0x0 ../LUFA/Drivers/USB/Core/DeviceStandardReq.o
 .text          0x00000000        0x0 ../LUFA/Drivers/USB/Core/Events.o
 .data          0x00000000        0x0 ../LUFA/Drivers/USB/Core/Events.o
 .bss           0x00000000        0x0 ../LUFA/Drivers/USB/Core/Events.o
 .text          0x00000000        0x0 ../LUFA/Drivers/USB/Core/HostStandardReq.o
 .data          0x00000000        0x0 ../LUFA/Drivers/USB/Core/HostStandardReq.o
 .bss           0x00000000        0x0 ../LUFA/Drivers/USB/Core/HostStandardReq.o
 .debug_info    0x00000000       0x56 ../LUFA/Drivers/USB/Core/HostStandardReq.o
 .debug_abbrev  0x00000000       0x26 ../LUFA/Drivers/USB/Core/HostStandardReq.o
 .debug_aranges
                0x00000000       0x18 ../LUFA/Drivers/USB/Core/HostStandardReq.o
 .debug_line    0x00000000       0x1a ../LUFA/Drivers/USB/Core/HostStandardReq.o
 .debug_str     0x00000000      0x192 ../LUFA/Drivers/USB/Core/HostStandardReq.o
 .comment       0x00000000       0x12 ../LUFA/Drivers/USB/Core/HostStandardReq.o
 .text          0x00000000        0x0 ../LUFA/Drivers/USB/Core/USBTask.o
 .data          0x00000000        0x0 ../LUFA/Drivers/USB/Core/USBTask.o
 .bss           0x00000000        0x0 ../LUFA/Drivers/USB/Core/USBTask.o
 .text          0x00000000        0x0 ../LUFA/Drivers/Peripheral/AVR8/Serial_AVR8.o
 .data          0x00000000        0x0 ../LUFA/Drivers/Peripheral/AVR8/Serial_AVR8.o
 .bss           0x00000000        0x0 ../LUFA/Drivers/Peripheral/AVR8/Serial_AVR8.o
 .text.Serial_putchar
                0x00000000       0x12 ../LUFA/Drivers/Peripheral/AVR8/Serial_AVR8.o
 .text.Serial_getchar
                0x00000000       0x24 ../LUFA/Drivers/Peripheral/AVR8/Serial_AVR8.o
 .text.Serial_getchar_Blocking
                0x00000000       0x1e ../LUFA/Drivers/Peripheral/AVR8/Serial_AVR8.o
 .text.Serial_SendString_P
                0x00000000       0x1a ../LUFA/Drivers/Peripheral/AVR8/Serial_AVR8.o
 .text.Serial_SendString
                0x00000000       0x18 ../LUFA/Drivers/Peripheral/AVR8/Serial_AVR8.o
 .text.Serial_CreateStream
                0x00000000       0x3c ../LUFA/Drivers/Peripheral/AVR8/Serial_AVR8.o
 .text.Serial_CreateBlockingStream
                0x00000000       0x3c ../LUFA/Drivers/Peripheral/AVR8/Serial_AVR8.o
 COMMON         0x00000000        0xe ../LUFA/Drivers/Peripheral/AVR8/Serial_AVR8.o
 .text          0x00000000        0x0 /usr/lib/gcc/avr/5.4.0/avr5/libgcc.a(_exit.o)
 .data          0x00000000        0x0 /usr/lib/gcc/avr/5.4.0/avr5/libgcc.a(_exit.o)
 .bss           0x00000000        0x0 /usr/lib/gcc/avr/5.4.0/avr5/libgcc.a(_exit.o)
 .text.libgcc.mul
                0x00000000        0x0 /usr/lib/gcc/avr/5.4.0/avr5/libgcc.a(_exit.o)
 .text.libgcc.div
                0x00000000        0x0 /usr/lib/gcc/avr/5.4.0/avr5/libgcc.a(_exit.o)
 .text.libgcc   0x00000000        0x0 /usr/lib/gcc/avr/5.4.0/avr5/libgcc.a(_exit.o)
 .text.libgcc.prologue
                0x00000000        0x0 /usr/lib/gcc/avr/5.4.0/avr5/libgcc.a(_exit.o)
 .text.libgcc.builtins
                0x00000000        0x0 /usr/lib/gcc/avr/5.4.0/avr5/libgcc.a(_exit.o)
 .text.libgcc.fmul
                0x00000000        0x0 /usr/lib/gcc/avr/5.4.0/avr5/libgcc.a(_exit.o)
 .text.libgcc.fixed
                0x00000000        0x0 /usr/lib/gcc/avr/5.4.0/avr5/libgcc.a(_exit.o)
 .text          0x00000000        0x0 /usr/lib/gcc/avr/5.4.0/avr5/libgcc.a(_tablejump2.o)
 .data          0x00000000        0x0 /usr/lib/gcc/avr/5.4.0/avr5/libgcc.a(_tablejump2.o)
 .bss           0x00000000        0x0 /usr/lib/gcc/avr/5.4.0/avr5/libgcc.a(_tablejump2.o)
 .text.libgcc.mul
                0x00000000        0x0 /usr/lib/gcc/avr/5.4.0/avr5/libgcc.a(_tablejump2.o)
 .text.libgcc.div
                0x00000000        0x0 /usr/lib/gcc/avr/5.4.0/avr5/libgcc.a(_tablejump2.o)
 .text.libgcc.prologue
                0x00000000        0x0 /usr/lib/gcc/avr/5.4.0/avr5/libgcc.a(_tablejump2.o)
 .text.libgcc.builtins
                0x00000000        0x0 /usr/lib/gcc/avr/5.4.0/avr5/libgcc.a(_tablejump2.o)
 .text.libgcc.fmul
                0x00000000        0x0 /usr/lib/gcc/avr/5.4.0/avr5/libgcc.a(_tablejump2.o)
 .text.libgcc.fixed
                0x00000000        0x0 /usr/lib/gcc/avr/5.4.0/avr5/libgcc.a(_tablejump2.o)
 .text          0x00000000        0x0 /usr/lib/gcc/avr/5.4.0/avr5/libgcc.a(_copy_data.o)
 .data          0x00000000        0x0 /usr/lib/gcc/avr/5.4.0/avr5/libgcc.a(_copy_data.o)
 .bss           0x00000000        0x0 /usr/lib/gcc/avr/5.4.0/avr5/libgcc.a(_copy_data.o)
 .text.libgcc.mul
                0x00000000        0x0 /usr/lib/gcc/avr/5.4.0/avr5/libgcc.a(_copy_data.o)
 .text.libgcc.div
                0x00000000        0x0 /usr/lib/gcc/avr/5.4.0/avr5/libgcc.a(_copy_data.o)
 .text.libgcc   0x00000000        0x0 /usr/lib/gcc/avr/5.4.0/avr5/libgcc.a(_copy_data.o)
 .text.libgcc.prologue
                0x00000000        0x0 /usr/lib/gcc/avr/5.4.0/avr5/libgcc.a(_copy_data.o)
 .text.libgcc.builtins
                0x00000000        0x0 /usr/lib/gcc/avr/5.4.0/avr5/libgcc.a(_copy_data.o)
 .text.libgcc.fmul
                0x00000000        0x0 /usr/lib/gcc/avr/5.4.0/avr5/libgcc.a(_copy_data.o)
 .text.libgcc.fixed
                0x00000000        0x0 /usr/lib/gcc/avr/5.4.0/avr5/libgcc.a(_copy_data.o)
 .text          0x00000000        0x0 /usr/lib/gcc/avr/5.4.0/avr5/libgcc.a(_clear_bss.o)
 .data          0x00000000        0x0 /usr/lib/gcc/avr/5.4.0/avr5/libgcc.a(_clear_bss.o)
 .bss           0x00000000        0x0 /usr/lib/gcc/avr/5.4.0/avr5/libgcc.a(_clear_bss.o)
 .text.libgcc.mul
                0x00000000        0x0 /usr/lib/gcc/avr/5.4.0/avr5/libgcc.a(_clear_bss.o)
 .text.libgcc.div
                0x00000000        0x0 /usr/lib/gcc/avr/5.4.0/avr5/libgcc.a(_clear_bss.o)
 .text.libgcc   0x00000000        0x0 /usr/lib/gcc/avr/5.4.0/avr5/libgcc.a(_clear_bss.o)
 .text.libgcc.prologue
                0x00000000        0x0 /usr/lib/gcc/avr/5.4.0/avr5/libgcc.a(_clear_bss.o)
 .text.libgcc.builtins
                0x00000000        0x0 /usr/lib/gcc/avr/5.4.0/avr5/libgcc.a(_clear_bss.o)
 .text.libgcc.fmul
                0x00000000        0x0 /usr/lib/gcc/avr/5.4.0/avr5/libgcc.a(_clear_bss.o)
 .text.libgcc.fixed
                0x00000000        0x0 /usr/lib/gcc/avr/5.4.0/avr5/libgcc.a(_clear_bss.o)
 .text          0x00000000        0x0 /usr/lib/gcc/avr/5.4.0/../../../avr/lib/avr5/libc.a(memcpy_P.o)
 .data          0x00000000        0x0 /usr/lib/gcc/avr/5.4.0/../../../avr/lib/avr5/libc.a(memcpy_P.o)
 .bss           0x00000000        0x0 /usr/lib/gcc/avr/5.4.0/../../../avr/lib/avr5/libc.a(memcpy_P.o)
 .text          0x00000000        0x0 /usr/lib/gcc/avr/5.4.0/../../../avr/lib/avr5/libc.a(iob.o)
 .data          0x00000000        0x0 /usr/lib/gcc/avr/5.4.0/../../../avr/lib/avr5/libc.a(iob.o)
 .bss           0x00000000        0x0 /usr/lib/gcc/avr/5.4.0/../../../avr/lib/avr5/libc.a(iob.o)
 .comment       0x00000000       0x12 /usr/lib/gcc/avr/5.4.0/../../../avr/lib/avr5/libc.a(iob.o)
 COMMON         0x00000000        0x6 /usr/lib/gcc/avr/5.4.0/../../../avr/lib/avr5/libc.a(iob.o)
 .text          0x00000000        0x0 /usr/lib/gcc/avr/5.4.0/../../../avr/lib/avr5/libatmega32u4.a(eerd_byte.o)
 .data          0x00000000        0x0 /usr/lib/gcc/avr/5.4.0/../../../avr/lib/avr5/libatmega32u4.a(eerd_byte.o)
 .bss           0x00000000        0x0 /usr/lib/gcc/avr/5.4.0/../../../avr/lib/avr5/libatmega32u4.a(eerd_byte.o)
 .text.avr-libc
                0x00000000       0x10 /usr/lib/gcc/avr/5.4.0/../../../avr/lib/avr5/libatmega32u4.a(eerd_byte.o)
 .text          0x00000000        0x0 /usr/lib/gcc/avr/5.4.0/../../../avr/lib/avr5/libatmega32u4.a(eeupd_byte.o)
 .data          0x00000000        0x0 /usr/lib/gcc/avr/5.4.0/../../../avr/lib/avr5/libatmega32u4.a(eeupd_byte.o)
 .bss           0x00000000        0x0 /usr/lib/gcc/avr/5.4.0/../../../avr/lib/avr5/libatmega32u4.a(eeupd_byte.o)
 .text.avr-libc
                0x00000000       0x24 /usr/lib/gcc/avr/5.4.0/../../../avr/lib/avr5/libatmega32u4.a(eeupd_byte.o)

Memory Configuration

Name             Origin             Length             Attributes
text             0x00000000         0x00020000         xr
data             0x00800060         0x0000ffa0         rw !x
eeprom           0x00810000         0x00010000         rw !x
fuse             0x00820000         0x00000003         rw !x
lock             0x00830000         0x00000400         rw !x
signature        0x00840000         0x00000400         rw !x
user_signatures  0x00850000         0x00000400         rw !x
*default*        0x00000000         0xffffffff

Linker script and memory map

Address of section .data set to 0x800100
LOAD /usr/lib/gcc/avr/5.4.0/../../../avr/lib/avr5/crtatmega32u4.o
LOAD emu.o
LOAD Descriptors.o
LOAD ../LUFA/Drivers/USB/Class/Common/HIDParser.o
LOAD ../LUFA/Drivers/USB/Core/AVR8/Device_AVR8.o
LOAD ../LUFA/Drivers/USB/Core/AVR8/EndpointStream_AVR8.o
LOAD ../LUFA/Drivers/USB/Core/AVR8/Endpoint_AVR8.o
LOAD ../LUFA/Drivers/USB/Core/AVR8/Host_AVR8.o
LOAD ../LUFA/Drivers/USB/Core/AVR8/PipeStream_AVR8.o
LOAD ../LUFA/Drivers/USB/Core/AVR8/Pipe_AVR8.o
LOAD ../LUFA/Drivers/USB/Core/AVR8/USBController_AVR8.o
LOAD ../LUFA/Drivers/USB/Core/AVR8/USBInterrupt_AVR8.o
LOAD ../LUFA/Drivers/USB/Core/ConfigDescriptors.o
LOAD ../LUFA/Drivers/USB/Core/DeviceStandardReq.o
LOAD ../LUFA/Drivers/USB/Core/Events.o
LOAD ../LUFA/Drivers/USB/Core/HostStandardReq.o
LOAD ../LUFA/Drivers/USB/Core/USBTask.o
LOAD ../LUFA/Drivers/Peripheral/AVR8/Serial_AVR8.o
LOAD /usr/lib/gcc/avr/5.4.0/../../../avr/lib/avr5/libm.a
START GROUP
LOAD /usr/lib/gcc/avr/5.4.0/avr5/libgcc.a
LOAD /usr/lib/gcc/avr/5.4.0/../../../avr/lib/avr5/libm.a
LOAD /usr/lib/gcc/avr/5.4.0/../../../avr/lib/avr5/libc.a
LOAD /usr/lib/gcc/avr/5.4.0/../../../avr/lib/avr5/libatmega32u4.a
END GROUP
                0x00020000                __TEXT_REGION_LENGTH__ = DEFINED (__TEXT_REGION_LENGTH__)?__TEXT_REGION_LENGTH__:0x20000
                0x0000ffa0                __DATA_REGION_LENGTH__ = DEFINED (__DATA_REGION_LENGTH__)?__DATA_REGION_LENGTH__:0xffa0
                0x00010000                __EEPROM_REGION_LENGTH__ = DEFINED (__EEPROM_REGION_LENGTH__)?__EEPROM_REGION_LENGTH__:0x10000
                [0x00000003]                __FUSE_REGION_LENGTH__ = DEFINED (__FUSE_REGION_LENGTH__)?__FUSE_REGION_LENGTH__:0x400
                0x00000400                __LOCK_REGION_LENGTH__ = DEFINED (__LOCK_REGION_LENGTH__)?__LOCK_REGION_LENGTH__:0x400
                0x00000400                __SIGNATURE_REGION_LENGTH__ = DEFINED (__SIGNATURE_REGION_LENGTH__)?__SIGNATURE_REGION_LENGTH__:0x400
                0x00000400                __USER_SIGNATURE_REGION_LENGTH__ = DEFINED (__USER_SIGNATURE_REGION_LENGTH__)?__USER_SIGNATURE_REGION_LENGTH__:0x400

.hash
 *(.hash)

.dynsym
 *(.dynsym)

.dynstr
 *(.dynstr)

.gnu.version
 *(.gnu.version)

.gnu.version_d
 *(.gnu.version_d)

.gnu.version_r
 *(.gnu.version_r)

.rel.init
 *(.rel.init)

.rela.init
 *(.rela.init)

.rel.text
 *(.rel.text)
 *(.rel.text.*)
 *(.rel.gnu.linkonce.t*)

.rela.text
 *(.rela.text)
 *(.rela.text.*)
 *(.rela.gnu.linkonce.t*)

.rel.fini
 *(.rel.fini)

.rela.fini
 *(.rela.fini)

.rel.rodata
 *(.rel.rodata)
 *(.rel.rodata.*)
 *(.rel.gnu.linkonce.r*)

.rela.rodata
 *(.rela.rodata)
 *(.rela.rodata.*)
 *(.rela.gnu.linkonce.r*)

.rel.data
 *(.rel.data)
 *(.rel.data.*)
 *(.rel.gnu.linkonce.d*)

.rela.data
 *(.rela.data)
 *(.rela.data.*)
 *(.rela.gnu.linkonce.d*)

.rel.ctors
 *(.rel.ctors)

.rela.ctors
 *(.rela.ctors)

.rel.dtors
 *(.rel.dtors)

.rela.dtors
 *(.rela.dtors)

.rel.got
 *(.rel.got)

.rela.got
 *(.rela.got)

.rel.bss
 *(.rel.bss)

.rela.bss
 *(.rela.bss)

.rel.plt
 *(.rel.plt)

.rela.plt
 *(.rela.plt)

.text           0x00000000     0x109c
 *(.vectors)
 .vectors       0x00000000       0xac /usr/lib/gcc/avr/5.4.0/../../../avr/lib/avr5/crtatmega32u4.o
                0x00000000                __vectors
                0x00000000                __vector_default
 *(.vectors)
 *(.progmem.gcc*)
 .progmem.gcc_sw_table.USB_Device_ProcessControlRequest
                0x000000ac       0x14 ../LUFA/Drivers/USB/Core/DeviceStandardReq.o
                0x000000c0                . = ALIGN (0x2)
                0x000000c0                __trampolines_start = .
 *(.trampolines)
 .trampolines   0x000000c0        0x0 linker stubs
 *(.trampolines*)
                0x000000c0                __trampolines_end = .
 *libprintf_flt.a:*(.progmem.data)
 *libc.a:*(.progmem.data)
 *(.progmem*)
 .progmem.data  0x000000c0       0x38 emu.o
                0x000000c0                buf03
                0x000000f0                buff3
 .progmem.data  0x000000f8      0x143 Descriptors.o
                0x000000f8                ProductString
                0x00000122                ManufacturerString
                0x0000015c                LanguageString
                0x00000160                ConfigurationDescriptor
                0x00000189                DeviceDescriptor
                0x0000019b                Report
                0x0000023c                . = ALIGN (0x2)
 *fill*         0x0000023b        0x1 
 *(.jumptables)
 *(.jumptables*)
 *(.lowtext)
 *(.lowtext*)
                0x0000023c                __ctors_start = .
 *(.ctors)
                0x0000023c                __ctors_end = .
                0x0000023c                __dtors_start = .
 *(.dtors)
                0x0000023c                __dtors_end = .
 SORT(*)(.ctors)
 SORT(*)(.dtors)
 *(.init0)
 .init0         0x0000023c        0x0 /usr/lib/gcc/avr/5.4.0/../../../avr/lib/avr5/crtatmega32u4.o
                0x0000023c                __init
 *(.init0)
 *(.init1)
 *(.init1)
 *(.init2)
 .init2         0x0000023c        0xc /usr/lib/gcc/avr/5.4.0/../../../avr/lib/avr5/crtatmega32u4.o
 *(.init2)
 *(.init3)
 *(.init3)
 *(.init4)
 .init4         0x00000248       0x16 /usr/lib/gcc/avr/5.4.0/avr5/libgcc.a(_copy_data.o)
                0x00000248                __do_copy_data
 .init4         0x0000025e       0x10 /usr/lib/gcc/avr/5.4.0/avr5/libgcc.a(_clear_bss.o)
                0x0000025e                __do_clear_bss
 *(.init4)
 *(.init5)
 *(.init5)
 *(.init6)
 *(.init6)
 *(.init7)
 *(.init7)
 *(.init8)
 *(.init8)
 *(.init9)
 .init9         0x0000026e        0x4 /usr/lib/gcc/avr/5.4.0/../../../avr/lib/avr5/crtatmega32u4.o
 *(.init9)
 *(.text)
 .text          0x00000272        0x2 /usr/lib/gcc/avr/5.4.0/../../../avr/lib/avr5/crtatmega32u4.o
                0x00000272                __vector_38
                0x00000272                __vector_22
                0x00000272                __vector_28
                0x00000272                __vector_1
                0x00000272                __vector_32
                0x00000272                __vector_34
                0x00000272                __vector_24
                0x00000272                __vector_12
                0x00000272                __bad_interrupt
                0x00000272                __vector_6
                0x00000272                __vector_31
                0x00000272                __vector_35
                0x00000272                __vector_39
                0x00000272                __vector_3
                0x00000272                __vector_23
                0x00000272                __vector_30
                0x00000272                __vector_11
                0x00000272                __vector_13
                0x00000272                __vector_17
                0x00000272                __vector_19
                0x00000272                __vector_7
                0x00000272                __vector_41
                0x00000272                __vector_27
                0x00000272                __vector_5
                0x00000272                __vector_33
                0x00000272                __vector_37
                0x00000272                __vector_4
                0x00000272                __vector_9
                0x00000272                __vector_2
                0x00000272                __vector_21
                0x00000272                __vector_15
                0x00000272                __vector_36
                0x00000272                __vector_29
                0x00000272                __vector_40
                0x00000272                __vector_8
                0x00000272                __vector_26
                0x00000272                __vector_14
                0x00000272                __vector_16
                0x00000272                __vector_18
                0x00000272                __vector_20
                0x00000272                __vector_42
                0x00000274                . = ALIGN (0x2)
 *(.text.*)
 .text.send_spoof_header
                0x00000274       0x3e emu.o
 .text.forceHardReset
                0x000002b2       0x18 emu.o
                0x000002b2                forceHardReset
 .text.__vector_25
                0x000002ca      0x176 emu.o
                0x000002ca                __vector_25
 .text.serial_init
                0x00000440       0x2a emu.o
                0x00000440                serial_init
 .text.SetupHardware
                0x0000046a       0x38 emu.o
                0x0000046a                SetupHardware
 .text.EVENT_USB_Device_Connect
                0x000004a2        0x2 emu.o
                0x000004a2                EVENT_USB_Device_Connect
 .text.EVENT_USB_Device_Disconnect
                0x000004a4        0x2 emu.o
                0x000004a4                EVENT_USB_Device_Disconnect
 .text.EVENT_USB_Device_ConfigurationChanged
                0x000004a6       0x10 emu.o
                0x000004a6                EVENT_USB_Device_ConfigurationChanged
 .text.EVENT_USB_Device_ControlRequest
                0x000004b6      0x110 emu.o
                0x000004b6                EVENT_USB_Device_ControlRequest
 .text.SendNextReport
                0x000005c6       0x3c emu.o
                0x000005c6                SendNextReport
 .text.ReceiveNextReport
                0x00000602       0x6e emu.o
                0x00000602                ReceiveNextReport
 .text.HID_Task
                0x00000670        0xe emu.o
                0x00000670                HID_Task
 .text.startup.main
                0x0000067e        0x8 emu.o
                0x0000067e                main
 .text.CALLBACK_USB_GetDescriptor
                0x00000686       0x82 Descriptors.o
                0x00000686                CALLBACK_USB_GetDescriptor
 .text.Endpoint_Write_Stream_LE
                0x00000708       0x94 ../LUFA/Drivers/USB/Core/AVR8/EndpointStream_AVR8.o
                0x00000708                Endpoint_Write_Stream_LE
 .text.Endpoint_Read_Stream_LE
                0x0000079c       0x94 ../LUFA/Drivers/USB/Core/AVR8/EndpointStream_AVR8.o
                0x0000079c                Endpoint_Read_Stream_LE
 .text.Endpoint_Write_Control_Stream_LE
                0x00000830       0xc2 ../LUFA/Drivers/USB/Core/AVR8/EndpointStream_AVR8.o
                0x00000830                Endpoint_Write_Control_Stream_LE
 .text.Endpoint_Read_Control_Stream_LE
                0x000008f2       0x80 ../LUFA/Drivers/USB/Core/AVR8/EndpointStream_AVR8.o
                0x000008f2                Endpoint_Read_Control_Stream_LE
 .text.Endpoint_Write_Control_PStream_LE
                0x00000972       0xc4 ../LUFA/Drivers/USB/Core/AVR8/EndpointStream_AVR8.o
                0x00000972                Endpoint_Write_Control_PStream_LE
 .text.Endpoint_ConfigureEndpoint_Prv
                0x00000a36       0x6a ../LUFA/Drivers/USB/Core/AVR8/Endpoint_AVR8.o
                0x00000a36                Endpoint_ConfigureEndpoint_Prv
 .text.Endpoint_ClearStatusStage
                0x00000aa0       0x3e ../LUFA/Drivers/USB/Core/AVR8/Endpoint_AVR8.o
                0x00000aa0                Endpoint_ClearStatusStage
 .text.Endpoint_WaitUntilReady
                0x00000ade       0x66 ../LUFA/Drivers/USB/Core/AVR8/Endpoint_AVR8.o
                0x00000ade                Endpoint_WaitUntilReady
 .text.USB_ResetInterface
                0x00000b44       0x80 ../LUFA/Drivers/USB/Core/AVR8/USBController_AVR8.o
                0x00000b44                USB_ResetInterface
 .text.USB_Init
                0x00000bc4       0x20 ../LUFA/Drivers/USB/Core/AVR8/USBController_AVR8.o
                0x00000bc4                USB_Init
 .text.USB_INT_DisableAllInterrupts
                0x00000be4       0x10 ../LUFA/Drivers/USB/Core/AVR8/USBInterrupt_AVR8.o
                0x00000be4                USB_INT_DisableAllInterrupts
 .text.USB_INT_ClearAllInterrupts
                0x00000bf4        0xa ../LUFA/Drivers/USB/Core/AVR8/USBInterrupt_AVR8.o
                0x00000bf4                USB_INT_ClearAllInterrupts
 .text.__vector_10
                0x00000bfe      0x18c ../LUFA/Drivers/USB/Core/AVR8/USBInterrupt_AVR8.o
                0x00000bfe                __vector_10
 .text.USB_Device_ProcessControlRequest
                0x00000d8a      0x29a ../LUFA/Drivers/USB/Core/DeviceStandardReq.o
                0x00000d8a                USB_Device_ProcessControlRequest
 .text.USB_Event_Stub
                0x00001024        0x2 ../LUFA/Drivers/USB/Core/Events.o
                0x00001024                EVENT_USB_Device_WakeUp
                0x00001024                USB_Event_Stub
                0x00001024                EVENT_USB_Device_Suspend
                0x00001024                EVENT_USB_Device_StartOfFrame
                0x00001024                EVENT_USB_Device_Reset
 .text.USB_USBTask
                0x00001026       0x34 ../LUFA/Drivers/USB/Core/USBTask.o
                0x00001026                USB_USBTask
 .text.Serial_SendData
                0x0000105a       0x20 ../LUFA/Drivers/Peripheral/AVR8/Serial_AVR8.o
                0x0000105a                Serial_SendData
 .text.libgcc   0x0000107a        0xc /usr/lib/gcc/avr/5.4.0/avr5/libgcc.a(_tablejump2.o)
                0x0000107a                __tablejump2__
 .text.avr-libc
                0x00001086       0x12 /usr/lib/gcc/avr/5.4.0/../../../avr/lib/avr5/libc.a(memcpy_P.o)
                0x00001086                memcpy_P
                0x00001098                . = ALIGN (0x2)
 *(.fini9)
 .fini9         0x00001098        0x0 /usr/lib/gcc/avr/5.4.0/avr5/libgcc.a(_exit.o)
                0x00001098                exit
                0x00001098                _exit
 *(.fini9)
 *(.fini8)
 *(.fini8)
 *(.fini7)
 *(.fini7)
 *(.fini6)
 *(.fini6)
 *(.fini5)
 *(.fini5)
 *(.fini4)
 *(.fini4)
 *(.fini3)
 *(.fini3)
 *(.fini2)
 *(.fini2)
 *(.fini1)
 *(.fini1)
 *(.fini0)
 .fini0         0x00001098        0x4 /usr/lib/gcc/avr/5.4.0/avr5/libgcc.a(_exit.o)
 *(.fini0)
                0x0000109c                _etext = .

.data           0x00800100       0x82 load address 0x0000109c
                0x00800100                PROVIDE (__data_start, .)
 *(.data)
 .data          0x00800100       0x82 emu.o
 *(.data*)
 *(.gnu.linkonce.d*)
 *(.rodata)
 *(.rodata*)
 *(.gnu.linkonce.r*)
                0x00800182                . = ALIGN (0x2)
                0x00800182                _edata = .
                0x00800182                PROVIDE (__data_end, .)

.bss            0x00800182       0x97
                0x00800182                PROVIDE (__bss_start, .)
 *(.bss)
 .bss           0x00800182       0x8a emu.o
 *(.bss*)
 *(COMMON)
 COMMON         0x0080020c        0x3 ../LUFA/Drivers/USB/Core/DeviceStandardReq.o
                0x0080020c                USB_Device_ConfigurationNumber
                0x0080020d                USB_Device_CurrentlySelfPowered
                0x0080020e                USB_Device_RemoteWakeupEnabled
 COMMON         0x0080020f        0xa ../LUFA/Drivers/USB/Core/USBTask.o
                0x0080020f                USB_IsInitialized
                0x00800210                USB_DeviceState
                0x00800211                USB_ControlRequest
                0x00800219                PROVIDE (__bss_end, .)
                0x0000109c                __data_load_start = LOADADDR (.data)
                0x0000111e                __data_load_end = (__data_load_start + SIZEOF (.data))

.noinit         0x00800219        0x0
                [!provide]                PROVIDE (__noinit_start, .)
 *(.noinit*)
                [!provide]                PROVIDE (__noinit_end, .)
                0x00800219                _end = .
                [!provide]                PROVIDE (__heap_start, .)

.eeprom         0x00810000        0x0
 *(.eeprom*)
                0x00810000                __eeprom_end = .

.fuse
 *(.fuse)
 *(.lfuse)
 *(.hfuse)
 *(.efuse)

.lock
 *(.lock*)

.signature
 *(.signature*)

.user_signatures
 *(.user_signatures*)

.stab
 *(.stab)

.stabstr
 *(.stabstr)

.stab.excl
 *(.stab.excl)

.stab.exclstr
 *(.stab.exclstr)

.stab.index
 *(.stab.index)

.stab.indexstr
 *(.stab.indexstr)

.comment        0x00000000       0x11
 *(.comment)
 .comment       0x00000000       0x11 emu.o
                                 0x12 (size before relaxing)
 .comment       0x00000011       0x12 Descriptors.o
 .comment       0x00000011       0x12 ../LUFA/Drivers/USB/Core/AVR8/EndpointStream_AVR8.o
 .comment       0x00000011       0x12 ../LUFA/Drivers/USB/Core/AVR8/Endpoint_AVR8.o
 .comment       0x00000011       0x12 ../LUFA/Drivers/USB/Core/AVR8/USBController_AVR8.o
 .comment       0x00000011       0x12 ../LUFA/Drivers/USB/Core/AVR8/USBInterrupt_AVR8.o
 .comment       0x00000011       0x12 ../LUFA/Drivers/USB/Core/DeviceStandardReq.o
 .comment       0x00000011       0x12 ../LUFA/Drivers/USB/Core/Events.o
 .comment       0x00000011       0x12 ../LUFA/Drivers/USB/Core/USBTask.o
 .comment       0x00000011       0x12 ../LUFA/Drivers/Peripheral/AVR8/Serial_AVR8.o

.note.gnu.avr.deviceinfo
                0x00000000       0x40
 .note.gnu.avr.deviceinfo
                0x00000000       0x40 /usr/lib/gcc/avr/5.4.0/../../../avr/lib/avr5/crtatmega32u4.o

.note.gnu.build-id
 *(.note.gnu.build-id)

.debug
 *(.debug)

.line
 *(.line)

.debug_srcinfo
 *(.debug_srcinfo)

.debug_sfnames
 *(.debug_sfnames)

.debug_aranges  0x00000000      0x2b8
 *(.debug_aranges)
 .debug_aranges
                0x00000000       0x78 emu.o
 .debug_aranges
                0x00000078       0x20 Descriptors.o
 .debug_aranges
                0x00000098       0xc8 ../LUFA/Drivers/USB/Core/AVR8/EndpointStream_AVR8.o
 .debug_aranges
                0x00000160       0x40 ../LUFA/Drivers/USB/Core/AVR8/Endpoint_AVR8.o
 .debug_aranges
                0x000001a0       0x30 ../LUFA/Drivers/USB/Core/AVR8/USBController_AVR8.o
 .debug_aranges
                0x000001d0       0x30 ../LUFA/Drivers/USB/Core/AVR8/USBInterrupt_AVR8.o
 .debug_aranges
                0x00000200       0x20 ../LUFA/Drivers/USB/Core/DeviceStandardReq.o
 .debug_aranges
                0x00000220       0x20 ../LUFA/Drivers/USB/Core/Events.o
 .debug_aranges
                0x00000240       0x20 ../LUFA/Drivers/USB/Core/USBTask.o
 .debug_aranges
                0x00000260       0x58 ../LUFA/Drivers/Peripheral/AVR8/Serial_AVR8.o

.debug_pubnames
 *(.debug_pubnames)

.debug_info     0x00000000     0x5847
 *(.debug_info .gnu.linkonce.wi.*)
 .debug_info    0x00000000      0x9f4 /usr/lib/gcc/avr/5.4.0/../../../avr/lib/avr5/crtatmega32u4.o
 .debug_info    0x000009f4      0xd01 emu.o
 .debug_info    0x000016f5      0x638 Descriptors.o
 .debug_info    0x00001d2d     0x182f ../LUFA/Drivers/USB/Core/AVR8/EndpointStream_AVR8.o
 .debug_info    0x0000355c      0x620 ../LUFA/Drivers/USB/Core/AVR8/Endpoint_AVR8.o
 .debug_info    0x00003b7c      0x4e8 ../LUFA/Drivers/USB/Core/AVR8/USBController_AVR8.o
 .debug_info    0x00004064      0x688 ../LUFA/Drivers/USB/Core/AVR8/USBInterrupt_AVR8.o
 .debug_info    0x000046ec      0xa27 ../LUFA/Drivers/USB/Core/DeviceStandardReq.o
 .debug_info    0x00005113       0x78 ../LUFA/Drivers/USB/Core/Events.o
 .debug_info    0x0000518b      0x272 ../LUFA/Drivers/USB/Core/USBTask.o
 .debug_info    0x000053fd      0x44a ../LUFA/Drivers/Peripheral/AVR8/Serial_AVR8.o

.debug_abbrev   0x00000000     0x1c13
 *(.debug_abbrev)
 .debug_abbrev  0x00000000      0x96a /usr/lib/gcc/avr/5.4.0/../../../avr/lib/avr5/crtatmega32u4.o
 .debug_abbrev  0x0000096a      0x3e2 emu.o
 .debug_abbrev  0x00000d4c      0x178 Descriptors.o
 .debug_abbrev  0x00000ec4      0x1ea ../LUFA/Drivers/USB/Core/AVR8/EndpointStream_AVR8.o
 .debug_abbrev  0x000010ae      0x226 ../LUFA/Drivers/USB/Core/AVR8/Endpoint_AVR8.o
 .debug_abbrev  0x000012d4      0x191 ../LUFA/Drivers/USB/Core/AVR8/USBController_AVR8.o
 .debug_abbrev  0x00001465      0x1b4 ../LUFA/Drivers/USB/Core/AVR8/USBInterrupt_AVR8.o
 .debug_abbrev  0x00001619      0x273 ../LUFA/Drivers/USB/Core/DeviceStandardReq.o
 .debug_abbrev  0x0000188c       0x44 ../LUFA/Drivers/USB/Core/Events.o
 .debug_abbrev  0x000018d0      0x16b ../LUFA/Drivers/USB/Core/USBTask.o
 .debug_abbrev  0x00001a3b      0x1d8 ../LUFA/Drivers/Peripheral/AVR8/Serial_AVR8.o

.debug_line     0x00000000     0x302a
 *(.debug_line .debug_line.* .debug_line_end)
 .debug_line    0x00000000       0x1a /usr/lib/gcc/avr/5.4.0/../../../avr/lib/avr5/crtatmega32u4.o
 .debug_line    0x0000001a      0x6b5 emu.o
 .debug_line    0x000006cf      0x1db Descriptors.o
 .debug_line    0x000008aa     0x13f5 ../LUFA/Drivers/USB/Core/AVR8/EndpointStream_AVR8.o
 .debug_line    0x00001c9f      0x451 ../LUFA/Drivers/USB/Core/AVR8/Endpoint_AVR8.o
 .debug_line    0x000020f0      0x2bc ../LUFA/Drivers/USB/Core/AVR8/USBController_AVR8.o
 .debug_line    0x000023ac      0x42b ../LUFA/Drivers/USB/Core/AVR8/USBInterrupt_AVR8.o
 .debug_line    0x000027d7      0x44a ../LUFA/Drivers/USB/Core/DeviceStandardReq.o
 .debug_line    0x00002c21       0x4f ../LUFA/Drivers/USB/Core/Events.o
 .debug_line    0x00002c70      0x14b ../LUFA/Drivers/USB/Core/USBTask.o
 .debug_line    0x00002dbb      0x26f ../LUFA/Drivers/Peripheral/AVR8/Serial_AVR8.o

.debug_frame    0x00000000      0x7a0
 *(.debug_frame)
 .debug_frame   0x00000000      0x144 emu.o
 .debug_frame   0x00000144       0x24 Descriptors.o
 .debug_frame   0x00000168      0x3bc ../LUFA/Drivers/USB/Core/AVR8/EndpointStream_AVR8.o
 .debug_frame   0x00000524       0x78 ../LUFA/Drivers/USB/Core/AVR8/Endpoint_AVR8.o
 .debug_frame   0x0000059c       0x58 ../LUFA/Drivers/USB/Core/AVR8/USBController_AVR8.o
 .debug_frame   0x000005f4       0x8c ../LUFA/Drivers/USB/Core/AVR8/USBInterrupt_AVR8.o
 .debug_frame   0x00000680       0x3c ../LUFA/Drivers/USB/Core/DeviceStandardReq.o
 .debug_frame   0x000006bc       0x24 ../LUFA/Drivers/USB/Core/Events.o
 .debug_frame   0x000006e0       0x2c ../LUFA/Drivers/USB/Core/USBTask.o
 .debug_frame   0x0000070c       0x94 ../LUFA/Drivers/Peripheral/AVR8/Serial_AVR8.o

.debug_str      0x00000000     0x1f9b
 *(.debug_str)
 .debug_str     0x00000000      0x371 /usr/lib/gcc/avr/5.4.0/../../../avr/lib/avr5/crtatmega32u4.o
 .debug_str     0x00000371      0x7ad emu.o
                                0x820 (size before relaxing)
 .debug_str     0x00000b1e      0x47e Descriptors.o
                                0x67f (size before relaxing)
 .debug_str     0x00000f9c      0x3fc ../LUFA/Drivers/USB/Core/AVR8/EndpointStream_AVR8.o
                                0x860 (size before relaxing)
 .debug_str     0x00001398      0x268 ../LUFA/Drivers/USB/Core/AVR8/Endpoint_AVR8.o
                                0x614 (size before relaxing)
 .debug_str     0x00001600      0x28a ../LUFA/Drivers/USB/Core/AVR8/USBController_AVR8.o
                                0x553 (size before relaxing)
 .debug_str     0x0000188a      0x148 ../LUFA/Drivers/USB/Core/AVR8/USBInterrupt_AVR8.o
                                0x528 (size before relaxing)
 .debug_str     0x000019d2      0x41d ../LUFA/Drivers/USB/Core/DeviceStandardReq.o
                                0x9c6 (size before relaxing)
 .debug_str     0x00001def       0x31 ../LUFA/Drivers/USB/Core/Events.o
                                0x198 (size before relaxing)
 .debug_str     0x00001e20       0x5b ../LUFA/Drivers/USB/Core/USBTask.o
                                0x379 (size before relaxing)
 .debug_str     0x00001e7b      0x120 ../LUFA/Drivers/Peripheral/AVR8/Serial_AVR8.o
                                0x31b (size before relaxing)

.debug_loc      0x00000000     0x30aa
 *(.debug_loc)
 .debug_loc     0x00000000      0x2a1 emu.o
 .debug_loc     0x000002a1      0x24b Descriptors.o
 .debug_loc     0x000004ec     0x1f97 ../LUFA/Drivers/USB/Core/AVR8/EndpointStream_AVR8.o
 .debug_loc     0x00002483      0x38d ../LUFA/Drivers/USB/Core/AVR8/Endpoint_AVR8.o
 .debug_loc     0x00002810       0xd6 ../LUFA/Drivers/USB/Core/AVR8/USBController_AVR8.o
 .debug_loc     0x000028e6      0x2ac ../LUFA/Drivers/USB/Core/AVR8/USBInterrupt_AVR8.o
 .debug_loc     0x00002b92      0x2d7 ../LUFA/Drivers/USB/Core/DeviceStandardReq.o
 .debug_loc     0x00002e69       0x49 ../LUFA/Drivers/USB/Core/USBTask.o
 .debug_loc     0x00002eb2      0x1f8 ../LUFA/Drivers/Peripheral/AVR8/Serial_AVR8.o

.debug_macinfo
 *(.debug_macinfo)

.debug_weaknames
 *(.debug_weaknames)

.debug_funcnames
 *(.debug_funcnames)

.debug_typenames
 *(.debug_typenames)

.debug_varnames
 *(.debug_varnames)

.debug_pubtypes
 *(.debug_pubtypes)

.debug_ranges   0x00000000      0x3e8
 *(.debug_ranges)
 .debug_ranges  0x00000000       0x68 emu.o
 .debug_ranges  0x00000068       0x28 Descriptors.o
 .debug_ranges  0x00000090      0x1f8 ../LUFA/Drivers/USB/Core/AVR8/EndpointStream_AVR8.o
 .debug_ranges  0x00000288       0x78 ../LUFA/Drivers/USB/Core/AVR8/Endpoint_AVR8.o
 .debug_ranges  0x00000300       0x20 ../LUFA/Drivers/USB/Core/AVR8/USBController_AVR8.o
 .debug_ranges  0x00000320       0x20 ../LUFA/Drivers/USB/Core/AVR8/USBInterrupt_AVR8.o
 .debug_ranges  0x00000340       0x28 ../LUFA/Drivers/USB/Core/DeviceStandardReq.o
 .debug_ranges  0x00000368       0x10 ../LUFA/Drivers/USB/Core/Events.o
 .debug_ranges  0x00000378       0x10 ../LUFA/Drivers/USB/Core/USBTask.o
 .debug_ranges  0x00000388       0x60 ../LUFA/Drivers/Peripheral/AVR8/Serial_AVR8.o

.debug_macro
 *(.debug_macro)
OUTPUT(emu.elf elf32-avr)
LOAD linker stubs

Cross Reference Table

Symbol                                            File
CALLBACK_HIDParser_FilterHIDReportItem            ../LUFA/Drivers/USB/Class/Common/HIDParser.o
CALLBACK_USB_GetDescriptor                        Descriptors.o
                                                  ../LUFA/Drivers/USB/Core/DeviceStandardReq.o
ConfigurationDescriptor                           Descriptors.o
DeviceDescriptor                                  Descriptors.o
EVENT_USB_Device_ConfigurationChanged             emu.o
                                                  ../LUFA/Drivers/USB/Core/DeviceStandardReq.o
EVENT_USB_Device_Connect                          emu.o
                                                  ../LUFA/Drivers/USB/Core/AVR8/USBInterrupt_AVR8.o
EVENT_USB_Device_ControlRequest                   emu.o
                                                  ../LUFA/Drivers/USB/Core/DeviceStandardReq.o
EVENT_USB_Device_Disconnect                       emu.o
                                                  ../LUFA/Drivers/USB/Core/AVR8/USBInterrupt_AVR8.o
EVENT_USB_Device_Reset                            ../LUFA/Drivers/USB/Core/Events.o
                                                  ../LUFA/Drivers/USB/Core/AVR8/USBInterrupt_AVR8.o
EVENT_USB_Device_StartOfFrame                     ../LUFA/Drivers/USB/Core/Events.o
                                                  ../LUFA/Drivers/USB/Core/AVR8/USBInterrupt_AVR8.o
EVENT_USB_Device_Suspend                          ../LUFA/Drivers/USB/Core/Events.o
                                                  ../LUFA/Drivers/USB/Core/AVR8/USBInterrupt_AVR8.o
EVENT_USB_Device_WakeUp                           ../LUFA/Drivers/USB/Core/Events.o
                                                  ../LUFA/Drivers/USB/Core/AVR8/USBInterrupt_AVR8.o
Endpoint_ClearEndpoints                           ../LUFA/Drivers/USB/Core/AVR8/Endpoint_AVR8.o
Endpoint_ClearStatusStage                         ../LUFA/Drivers/USB/Core/AVR8/Endpoint_AVR8.o
                                                  ../LUFA/Drivers/USB/Core/DeviceStandardReq.o
Endpoint_ConfigureEndpointTable                   ../LUFA/Drivers/USB/Core/AVR8/Endpoint_AVR8.o
Endpoint_ConfigureEndpoint_Prv                    ../LUFA/Drivers/USB/Core/AVR8/Endpoint_AVR8.o
                                                  ../LUFA/Drivers/USB/Core/AVR8/USBInterrupt_AVR8.o
                                                  ../LUFA/Drivers/USB/Core/AVR8/USBController_AVR8.o
                                                  emu.o
Endpoint_Discard_Stream                           ../LUFA/Drivers/USB/Core/AVR8/EndpointStream_AVR8.o
Endpoint_Null_Stream                              ../LUFA/Drivers/USB/Core/AVR8/EndpointStream_AVR8.o
Endpoint_Read_Control_EStream_BE                  ../LUFA/Drivers/USB/Core/AVR8/EndpointStream_AVR8.o
Endpoint_Read_Control_EStream_LE                  ../LUFA/Drivers/USB/Core/AVR8/EndpointStream_AVR8.o
Endpoint_Read_Control_Stream_BE                   ../LUFA/Drivers/USB/Core/AVR8/EndpointStream_AVR8.o
Endpoint_Read_Control_Stream_LE                   ../LUFA/Drivers/USB/Core/AVR8/EndpointStream_AVR8.o
                                                  emu.o
Endpoint_Read_EStream_BE                          ../LUFA/Drivers/USB/Core/AVR8/EndpointStream_AVR8.o
Endpoint_Read_EStream_LE                          ../LUFA/Drivers/USB/Core/AVR8/EndpointStream_AVR8.o
Endpoint_Read_Stream_BE                           ../LUFA/Drivers/USB/Core/AVR8/EndpointStream_AVR8.o
Endpoint_Read_Stream_LE                           ../LUFA/Drivers/USB/Core/AVR8/EndpointStream_AVR8.o
                                                  emu.o
Endpoint_WaitUntilReady                           ../LUFA/Drivers/USB/Core/AVR8/Endpoint_AVR8.o
                                                  ../LUFA/Drivers/USB/Core/AVR8/EndpointStream_AVR8.o
Endpoint_Write_Control_EStream_BE                 ../LUFA/Drivers/USB/Core/AVR8/EndpointStream_AVR8.o
Endpoint_Write_Control_EStream_LE                 ../LUFA/Drivers/USB/Core/AVR8/EndpointStream_AVR8.o
Endpoint_Write_Control_PStream_BE                 ../LUFA/Drivers/USB/Core/AVR8/EndpointStream_AVR8.o
Endpoint_Write_Control_PStream_LE                 ../LUFA/Drivers/USB/Core/AVR8/EndpointStream_AVR8.o
                                                  ../LUFA/Drivers/USB/Core/DeviceStandardReq.o
Endpoint_Write_Control_Stream_BE                  ../LUFA/Drivers/USB/Core/AVR8/EndpointStream_AVR8.o
Endpoint_Write_Control_Stream_LE                  ../LUFA/Drivers/USB/Core/AVR8/EndpointStream_AVR8.o
                                                  ../LUFA/Drivers/USB/Core/DeviceStandardReq.o
                                                  emu.o
Endpoint_Write_EStream_BE                         ../LUFA/Drivers/USB/Core/AVR8/EndpointStream_AVR8.o
Endpoint_Write_EStream_LE                         ../LUFA/Drivers/USB/Core/AVR8/EndpointStream_AVR8.o
Endpoint_Write_PStream_BE                         ../LUFA/Drivers/USB/Core/AVR8/EndpointStream_AVR8.o
Endpoint_Write_PStream_LE                         ../LUFA/Drivers/USB/Core/AVR8/EndpointStream_AVR8.o
Endpoint_Write_Stream_BE                          ../LUFA/Drivers/USB/Core/AVR8/EndpointStream_AVR8.o
Endpoint_Write_Stream_LE                          ../LUFA/Drivers/USB/Core/AVR8/EndpointStream_AVR8.o
                                                  emu.o
HID_Task                                          emu.o
LanguageString                                    Descriptors.o
ManufacturerString                                Descriptors.o
ProductString                                     Descriptors.o
ReceiveNextReport                                 emu.o
Report                                            Descriptors.o
SendNextReport                                    emu.o
Serial_CreateBlockingStream                       ../LUFA/Drivers/Peripheral/AVR8/Serial_AVR8.o
Serial_CreateStream                               ../LUFA/Drivers/Peripheral/AVR8/Serial_AVR8.o
Serial_SendData                                   ../LUFA/Drivers/Peripheral/AVR8/Serial_AVR8.o
                                                  emu.o
Serial_SendString                                 ../LUFA/Drivers/Peripheral/AVR8/Serial_AVR8.o
Serial_SendString_P                               ../LUFA/Drivers/Peripheral/AVR8/Serial_AVR8.o
Serial_getchar                                    ../LUFA/Drivers/Peripheral/AVR8/Serial_AVR8.o
Serial_getchar_Blocking                           ../LUFA/Drivers/Peripheral/AVR8/Serial_AVR8.o
Serial_putchar                                    ../LUFA/Drivers/Peripheral/AVR8/Serial_AVR8.o
SetupHardware                                     emu.o
USARTSerialStream                                 ../LUFA/Drivers/Peripheral/AVR8/Serial_AVR8.o
USB_ControlRequest                                ../LUFA/Drivers/USB/Core/USBTask.o
                                                  ../LUFA/Drivers/USB/Core/DeviceStandardReq.o
                                                  ../LUFA/Drivers/USB/Core/AVR8/Endpoint_AVR8.o
                                                  ../LUFA/Drivers/USB/Core/AVR8/EndpointStream_AVR8.o
                                                  emu.o
USB_DeviceState                                   ../LUFA/Drivers/USB/Core/USBTask.o
                                                  ../LUFA/Drivers/USB/Core/DeviceStandardReq.o
                                                  ../LUFA/Drivers/USB/Core/AVR8/USBInterrupt_AVR8.o
                                                  ../LUFA/Drivers/USB/Core/AVR8/USBController_AVR8.o
                                                  ../LUFA/Drivers/USB/Core/AVR8/Endpoint_AVR8.o
                                                  ../LUFA/Drivers/USB/Core/AVR8/EndpointStream_AVR8.o
                                                  emu.o
USB_Device_ConfigurationNumber                    ../LUFA/Drivers/USB/Core/DeviceStandardReq.o
                                                  ../LUFA/Drivers/USB/Core/AVR8/USBInterrupt_AVR8.o
                                                  ../LUFA/Drivers/USB/Core/AVR8/USBController_AVR8.o
USB_Device_CurrentlySelfPowered                   ../LUFA/Drivers/USB/Core/DeviceStandardReq.o
                                                  ../LUFA/Drivers/USB/Core/AVR8/USBController_AVR8.o
USB_Device_ProcessControlRequest                  ../LUFA/Drivers/USB/Core/DeviceStandardReq.o
                                                  ../LUFA/Drivers/USB/Core/USBTask.o
USB_Device_RemoteWakeupEnabled                    ../LUFA/Drivers/USB/Core/DeviceStandardReq.o
                                                  ../LUFA/Drivers/USB/Core/AVR8/USBController_AVR8.o
USB_Device_SendRemoteWakeup                       ../LUFA/Drivers/USB/Core/AVR8/Device_AVR8.o
USB_Disable                                       ../LUFA/Drivers/USB/Core/AVR8/USBController_AVR8.o
USB_Event_Stub                                    ../LUFA/Drivers/USB/Core/Events.o
USB_GetHIDReportItemInfo                          ../LUFA/Drivers/USB/Class/Common/HIDParser.o
USB_GetHIDReportSize                              ../LUFA/Drivers/USB/Class/Common/HIDParser.o
USB_GetNextDescriptorComp                         ../LUFA/Drivers/USB/Core/ConfigDescriptors.o
USB_GetNextDescriptorOfType                       ../LUFA/Drivers/USB/Core/ConfigDescriptors.o
USB_GetNextDescriptorOfTypeAfter                  ../LUFA/Drivers/USB/Core/ConfigDescriptors.o
USB_GetNextDescriptorOfTypeBefore                 ../LUFA/Drivers/USB/Core/ConfigDescriptors.o
USB_INT_ClearAllInterrupts                        ../LUFA/Drivers/USB/Core/AVR8/USBInterrupt_AVR8.o
                                                  ../LUFA/Drivers/USB/Core/AVR8/USBController_AVR8.o
USB_INT_DisableAllInterrupts                      ../LUFA/Drivers/USB/Core/AVR8/USBInterrupt_AVR8.o
                                                  ../LUFA/Drivers/USB/Core/AVR8/USBController_AVR8.o
USB_Init                                          ../LUFA/Drivers/USB/Core/AVR8/USBController_AVR8.o
                                                  emu.o
USB_IsInitialized                                 ../LUFA/Drivers/USB/Core/USBTask.o
                                                  ../LUFA/Drivers/USB/Core/AVR8/USBController_AVR8.o
USB_ProcessHIDReport                              ../LUFA/Drivers/USB/Class/Common/HIDParser.o
USB_ResetInterface                                ../LUFA/Drivers/USB/Core/AVR8/USBController_AVR8.o
USB_SetHIDReportItemInfo                          ../LUFA/Drivers/USB/Class/Common/HIDParser.o
USB_USBTask                                       ../LUFA/Drivers/USB/Core/USBTask.o
                                                  ../LUFA/Drivers/USB/Core/AVR8/EndpointStream_AVR8.o
                                                  emu.o
__FUSE_REGION_LENGTH__                            /usr/lib/gcc/avr/5.4.0/../../../avr/lib/avr5/crtatmega32u4.o
__bad_interrupt                                   /usr/lib/gcc/avr/5.4.0/../../../avr/lib/avr5/crtatmega32u4.o
__bss_end                                         /usr/lib/gcc/avr/5.4.0/avr5/libgcc.a(_clear_bss.o)
__bss_start                                       /usr/lib/gcc/avr/5.4.0/avr5/libgcc.a(_clear_bss.o)
__data_end                                        /usr/lib/gcc/avr/5.4.0/avr5/libgcc.a(_copy_data.o)
__data_load_start                                 /usr/lib/gcc/avr/5.4.0/avr5/libgcc.a(_copy_data.o)
__data_start                                      /usr/lib/gcc/avr/5.4.0/avr5/libgcc.a(_copy_data.o)
__do_clear_bss                                    /usr/lib/gcc/avr/5.4.0/avr5/libgcc.a(_clear_bss.o)
                                                  /usr/lib/gcc/avr/5.4.0/../../../avr/lib/avr5/libc.a(iob.o)
                                                  ../LUFA/Drivers/Peripheral/AVR8/Serial_AVR8.o
                                                  ../LUFA/Drivers/USB/Core/USBTask.o
                                                  ../LUFA/Drivers/USB/Core/DeviceStandardReq.o
                                                  emu.o
__do_copy_data                                    /usr/lib/gcc/avr/5.4.0/avr5/libgcc.a(_copy_data.o)
                                                  emu.o
__heap_end                                        /usr/lib/gcc/avr/5.4.0/../../../avr/lib/avr5/crtatmega32u4.o
__init                                            /usr/lib/gcc/avr/5.4.0/../../../avr/lib/avr5/crtatmega32u4.o
__iob                                             /usr/lib/gcc/avr/5.4.0/../../../avr/lib/avr5/libc.a(iob.o)
                                                  ../LUFA/Drivers/Peripheral/AVR8/Serial_AVR8.o
__stack                                           /usr/lib/gcc/avr/5.4.0/../../../avr/lib/avr5/crtatmega32u4.o
__tablejump2__                                    /usr/lib/gcc/avr/5.4.0/avr5/libgcc.a(_tablejump2.o)
                                                  ../LUFA/Drivers/USB/Core/DeviceStandardReq.o
__vector_1                                        /usr/lib/gcc/avr/5.4.0/../../../avr/lib/avr5/crtatmega32u4.o
__vector_10                                       ../LUFA/Drivers/USB/Core/AVR8/USBInterrupt_AVR8.o
                                                  /usr/lib/gcc/avr/5.4.0/../../../avr/lib/avr5/crtatmega32u4.o
__vector_11                                       /usr/lib/gcc/avr/5.4.0/../../../avr/lib/avr5/crtatmega32u4.o
__vector_12                                       /usr/lib/gcc/avr/5.4.0/../../../avr/lib/avr5/crtatmega32u4.o
__vector_13                                       /usr/lib/gcc/avr/5.4.0/../../../avr/lib/avr5/crtatmega32u4.o
__vector_14                                       /usr/lib/gcc/avr/5.4.0/../../../avr/lib/avr5/crtatmega32u4.o
__vector_15                                       /usr/lib/gcc/avr/5.4.0/../../../avr/lib/avr5/crtatmega32u4.o
__vector_16                                       /usr/lib/gcc/avr/5.4.0/../../../avr/lib/avr5/crtatmega32u4.o
__vector_17                                       /usr/lib/gcc/avr/5.4.0/../../../avr/lib/avr5/crtatmega32u4.o
__vector_18                                       /usr/lib/gcc/avr/5.4.0/../../../avr/lib/avr5/crtatmega32u4.o
__vector_19                                       /usr/lib/gcc/avr/5.4.0/../../../avr/lib/avr5/crtatmega32u4.o
__vector_2                                        /usr/lib/gcc/avr/5.4.0/../../../avr/lib/avr5/crtatmega32u4.o
__vector_20                                       /usr/lib/gcc/avr/5.4.0/../../../avr/lib/avr5/crtatmega32u4.o
__vector_21                                       /usr/lib/gcc/avr/5.4.0/../../../avr/lib/avr5/crtatmega32u4.o
__vector_22                                       /usr/lib/gcc/avr/5.4.0/../../../avr/lib/avr5/crtatmega32u4.o
__vector_23                                       /usr/lib/gcc/avr/5.4.0/../../../avr/lib/avr5/crtatmega32u4.o
__vector_24                                       /usr/lib/gcc/avr/5.4.0/../../../avr/lib/avr5/crtatmega32u4.o
__vector_25                                       emu.o
                                                  /usr/lib/gcc/avr/5.4.0/../../../avr/lib/avr5/crtatmega32u4.o
__vector_26                                       /usr/lib/gcc/avr/5.4.0/../../../avr/lib/avr5/crtatmega32u4.o
__vector_27                                       /usr/lib/gcc/avr/5.4.0/../../../avr/lib/avr5/crtatmega32u4.o
__vector_28                                       /usr/lib/gcc/avr/5.4.0/../../../avr/lib/avr5/crtatmega32u4.o
__vector_29                                       /usr/lib/gcc/avr/5.4.0/../../../avr/lib/avr5/crtatmega32u4.o
__vector_3                                        /usr/lib/gcc/avr/5.4.0/../../../avr/lib/avr5/crtatmega32u4.o
__vector_30                                       /usr/lib/gcc/avr/5.4.0/../../../avr/lib/avr5/crtatmega32u4.o
__vector_31                                       /usr/lib/gcc/avr/5.4.0/../../../avr/lib/avr5/crtatmega32u4.o
__vector_32                                       /usr/lib/gcc/avr/5.4.0/../../../avr/lib/avr5/crtatmega32u4.o
__vector_33                                       /usr/lib/gcc/avr/5.4.0/../../../avr/lib/avr5/crtatmega32u4.o
__vector_34                                       /usr/lib/gcc/avr/5.4.0/../../../avr/lib/avr5/crtatmega32u4.o
__vector_35                                       /usr/lib/gcc/avr/5.4.0/../../../avr/lib/avr5/crtatmega32u4.o
__vector_36                                       /usr/lib/gcc/avr/5.4.0/../../../avr/lib/avr5/crtatmega32u4.o
__vector_37                                       /usr/lib/gcc/avr/5.4.0/../../../avr/lib/avr5/crtatmega32u4.o
__vector_38                                       /usr/lib/gcc/avr/5.4.0/../../../avr/lib/avr5/crtatmega32u4.o
__vector_39                                       /usr/lib/gcc/avr/5.4.0/../../../avr/lib/avr5/crtatmega32u4.o
__vector_4                                        /usr/lib/gcc/avr/5.4.0/../../../avr/lib/avr5/crtatmega32u4.o
__vector_40                                       /usr/lib/gcc/avr/5.4.0/../../../avr/lib/avr5/crtatmega32u4.o
__vector_41                                       /usr/lib/gcc/avr/5.4.0/../../../avr/lib/avr5/crtatmega32u4.o
__vector_42                                       /usr/lib/gcc/avr/5.4.0/../../../avr/lib/avr5/crtatmega32u4.o
__vector_5                                        /usr/lib/gcc/avr/5.4.0/../../../avr/lib/avr5/crtatmega32u4.o
__vector_6                                        /usr/lib/gcc/avr/5.4.0/../../../avr/lib/avr5/crtatmega32u4.o
__vector_7                                        /usr/lib/gcc/avr/5.4.0/../../../avr/lib/avr5/crtatmega32u4.o
__vector_8                                        /usr/lib/gcc/avr/5.4.0/../../../avr/lib/avr5/crtatmega32u4.o
__vector_9                                        /usr/lib/gcc/avr/5.4.0/../../../avr/lib/avr5/crtatmega32u4.o
__vector_default                                  /usr/lib/gcc/avr/5.4.0/../../../avr/lib/avr5/crtatmega32u4.o
__vectors                                         /usr/lib/gcc/avr/5.4.0/../../../avr/lib/avr5/crtatmega32u4.o
_exit                                             /usr/lib/gcc/avr/5.4.0/avr5/libgcc.a(_exit.o)
buf03                                             emu.o
buff3                                             emu.o
eeprom_read_byte                                  /usr/lib/gcc/avr/5.4.0/../../../avr/lib/avr5/libatmega32u4.a(eerd_byte.o)
                                                  ../LUFA/Drivers/USB/Core/AVR8/EndpointStream_AVR8.o
eeprom_update_byte                                /usr/lib/gcc/avr/5.4.0/../../../avr/lib/avr5/libatmega32u4.a(eeupd_byte.o)
                                                  ../LUFA/Drivers/USB/Core/AVR8/EndpointStream_AVR8.o
eeprom_update_r18                                 /usr/lib/gcc/avr/5.4.0/../../../avr/lib/avr5/libatmega32u4.a(eeupd_byte.o)
exit                                              /usr/lib/gcc/avr/5.4.0/avr5/libgcc.a(_exit.o)
                                                  /usr/lib/gcc/avr/5.4.0/../../../avr/lib/avr5/crtatmega32u4.o
forceHardReset                                    emu.o
main                                              emu.o
                                                  /usr/lib/gcc/avr/5.4.0/../../../avr/lib/avr5/crtatmega32u4.o
memcpy_P                                          /usr/lib/gcc/avr/5.4.0/../../../avr/lib/avr5/libc.a(memcpy_P.o)
                                                  emu.o
serial_init                                       emu.o
